<!DOCTYPE html>
<html data-theme=vdm>
<head>
<meta charset="UTF-8">
<link rel="stylesheet" type="text/css" href="../vdm.css">
<title>DEFAULT</title>
</head>

<body>
<html><body><h3>values</h3><div id='values'/><br/>
&nbsp;&nbsp;x:&nbsp;â„•&nbsp;=&nbsp;1<br/>
<br/>
</body></html>
</body>
</html>
