<!DOCTYPE html>
<html data-theme="vdm">
  <head>
    <meta charset="UTF-8"/>
    <link href="vdm.css" rel="stylesheet" type="text/css"/>
    <title>A</title>
  </head>
  <body><h1 id="helloworld">hello, world!</h1>
<p><ul>
  <li><a href="testModules/TestA.html">TestA</a></li>
  <li><a href="testModules/TestB.html">TestB</a></li>
</ul>
</p>
</body>
</html>
