<!DOCTYPE html>
<html data-theme="vdm">
  <head>
    <meta charset="UTF-8"/>
    <link href="vdm.css" rel="stylesheet" type="text/css"/>
    <title>A</title>
  </head>
  <body><h1 id="helloworld">hello, world!</h1>
<p><a href="../../../build/vdm/docs/modules/A.html#x" class="vdm-cite">
  <blockquote>
    <p>x:&nbsp;ℕ&nbsp;=&nbsp;1</p>
  </blockquote>
</a><a href="../../../build/vdm/docs/modules/B.html#y" class="vdm-cite">
  <blockquote>
    <p>y:&nbsp;ℕ&nbsp;=&nbsp;1</p>
  </blockquote>
</a></p>
</body>
</html>
