<!DOCTYPE html>
<html data-theme=vdm>
<head>
<meta charset="UTF-8">
<link rel="stylesheet" type="text/css" href="vdm.css">
<title>A</title>
</head>

<body>
<h1 id="helloworld">hello, world!</h1>
<p><a href='../../../build/vdm/docs/modules/A.html#x'>A`x</a></p>

</body>
</html>
