<!DOCTYPE html>
<html data-theme=vdm>
<head>
<meta charset="UTF-8">
<link rel="stylesheet" type="text/css" href="vdm.css">
<title>A</title>
</head>

<body>
<h1 id="helloworld">hello, world!</h1>
<p><ul><li><a href='modules/A.html'>A</a></li><li><a href='modules/B.html'>B</a></li></ul></p>

</body>
</html>
