<!DOCTYPE html>
<html data-theme="vdm">
  <head>
    <meta charset="UTF-8"/>
    <link href="../vdm.css" rel="stylesheet" type="text/css"/>
    <title>A</title>
  </head>
  <body><h2>module</h2>&nbsp;A<div id='module'/><br/>
<h3>definitions</h3><br/>
<h3>values</h3><div id='values'/><br/>
&nbsp;&nbsp;x:&nbsp;â„•&nbsp;=&nbsp;1<br/>
<br/>
<b>end</b>&nbsp;A<br/>
</body>
</html>
