<!DOCTYPE html>
<html data-theme=vdm>
<head>
<meta charset="UTF-8">
<link rel="stylesheet" type="text/css" href="../vdm.css">
<title>TestA</title>
</head>

<body>
<html><body><h2>module</h2>&nbsp;TestA<div id='module'/><br/>
<h3>definitions</h3><br/>
<h3>values</h3><div id='values'/><br/>
&nbsp;&nbsp;x:&nbsp;â„•&nbsp;=&nbsp;1<br/>
<br/>
<b>end</b>&nbsp;TestA<br/>
</body></html>
</body>
</html>
