<!DOCTYPE html>
<html data-theme=vdm>
<head>
<meta charset="UTF-8">
<link rel="stylesheet" type="text/css" href="vdm.css">
<title>A</title>
</head>

<body>
<h1 id="helloworld">hello, world!</h1>
<p><a class="vdm-cite" href='../../../build/vdm/docs/modules/A.html#x'><blockquote><p>x:&nbsp;â„•&nbsp;=&nbsp;1</p></blockquote></a></p>

</body>
</html>
