<!DOCTYPE html>
<html data-theme="vdm">
  <head>
    <meta charset="UTF-8"/>
    <link href="vdm.css" rel="stylesheet" type="text/css"/>
    <title>B</title>
  </head>
  <body><h1 id="theotherpage">the other page</h1>
<p><a href="A.html">hello, world?</a></p>
</body>
</html>
